------------------------------------------------------------
Timing Analyzer Summary
------------------------------------------------------------

Type  : Slow 1100mV 85C Model Setup 'clk'
Slack : -1.608
TNS   : -15.430

Type  : Slow 1100mV 85C Model Hold 'clk'
Slack : 0.296
TNS   : 0.000

Type  : Slow 1100mV 85C Model Minimum Pulse Width 'clk'
Slack : -0.394
TNS   : -10.550

Type  : Slow 1100mV 0C Model Setup 'clk'
Slack : -1.688
TNS   : -15.834

Type  : Slow 1100mV 0C Model Hold 'clk'
Slack : 0.270
TNS   : 0.000

Type  : Slow 1100mV 0C Model Minimum Pulse Width 'clk'
Slack : -0.394
TNS   : -9.668

Type  : Fast 1100mV 85C Model Setup 'clk'
Slack : -0.383
TNS   : -2.476

Type  : Fast 1100mV 85C Model Hold 'clk'
Slack : 0.174
TNS   : 0.000

Type  : Fast 1100mV 85C Model Minimum Pulse Width 'clk'
Slack : -0.343
TNS   : -5.331

Type  : Fast 1100mV 0C Model Setup 'clk'
Slack : -0.325
TNS   : -1.713

Type  : Fast 1100mV 0C Model Hold 'clk'
Slack : 0.155
TNS   : 0.000

Type  : Fast 1100mV 0C Model Minimum Pulse Width 'clk'
Slack : -0.323
TNS   : -5.003

------------------------------------------------------------
