------------------------------------------------------------
Timing Analyzer Summary
------------------------------------------------------------

Type  : Slow 1100mV 85C Model Setup 'clk'
Slack : -0.229
TNS   : -0.654

Type  : Slow 1100mV 85C Model Hold 'clk'
Slack : 0.233
TNS   : 0.000

Type  : Slow 1100mV 85C Model Minimum Pulse Width 'clk'
Slack : -0.394
TNS   : -1.913

Type  : Slow 1100mV 0C Model Setup 'clk'
Slack : -0.189
TNS   : -0.487

Type  : Slow 1100mV 0C Model Hold 'clk'
Slack : 0.294
TNS   : 0.000

Type  : Slow 1100mV 0C Model Minimum Pulse Width 'clk'
Slack : -0.394
TNS   : -1.972

Type  : Fast 1100mV 85C Model Setup 'clk'
Slack : 0.255
TNS   : 0.000

Type  : Fast 1100mV 85C Model Hold 'clk'
Slack : 0.147
TNS   : 0.000

Type  : Fast 1100mV 85C Model Minimum Pulse Width 'clk'
Slack : -0.050
TNS   : -0.146

Type  : Fast 1100mV 0C Model Setup 'clk'
Slack : 0.322
TNS   : 0.000

Type  : Fast 1100mV 0C Model Hold 'clk'
Slack : 0.154
TNS   : 0.000

Type  : Fast 1100mV 0C Model Minimum Pulse Width 'clk'
Slack : -0.064
TNS   : -0.188

------------------------------------------------------------
